// Jest Snapshot v1, https://goo.gl/fbAQLP

exports[`<Audio /> component renders and matches snapshot 1`] = `
<div>
  <svg
    class="svg-loaders-svg"
    fill="#fff"
    height="80"
    viewBox="0 0 55 80"
    width="55"
  >
    <g
      transform="matrix(1 0 0 -1 0 80)"
    >
      <rect
        height="20"
        rx="3"
        width="10"
      >
        <animate
          attributeName="height"
          begin="0s"
          calcMode="linear"
          dur="4.3s"
          repeatCount="indefinite"
          values="20;45;57;80;64;32;66;45;64;23;66;13;64;56;34;34;2;23;76;79;20"
        />
      </rect>
      <rect
        height="80"
        rx="3"
        width="10"
        x="15"
      >
        <animate
          attributeName="height"
          begin="0s"
          calcMode="linear"
          dur="2s"
          repeatCount="indefinite"
          values="80;55;33;5;75;23;73;33;12;14;60;80"
        />
      </rect>
      <rect
        height="50"
        rx="3"
        width="10"
        x="30"
      >
        <animate
          attributeName="height"
          begin="0s"
          calcMode="linear"
          dur="1.4s"
          repeatCount="indefinite"
          values="50;34;78;23;56;23;34;76;80;54;21;50"
        />
      </rect>
      <rect
        height="30"
        rx="3"
        width="10"
        x="45"
      >
        <animate
          attributeName="height"
          begin="0s"
          calcMode="linear"
          dur="2s"
          repeatCount="indefinite"
          values="30;45;13;80;56;72;45;76;34;23;67;30"
        />
      </rect>
    </g>
  </svg>
</div>
`;
